Generator version: v2.3.2
Entrypoint: public.go
Generated: /Users/rage/.jcode/worktrees/PLF-411-mfd-generator-native/api/api_zenrpc.go
Duration: 257ms

Generated services for package api:
- ProjectService
  • Open(filePath string, connection string) (*mfd.Project, error)
  • Current() (*mfd.Project, error)
  • Update(project mfd.Project) error
  • Save() error
  • Tables() ([]string, error)
- PublicService
  • GoPGVersions() []int
  • Modes() []string
  • SearchTypes() []string
  • Types() []string
  • DBTypes() []string
  • HTMLTypes() []string
  • Ping() string
- XMLService
  • GenerateEntity(table string, namespace string) (*mfd.Entity, error)
  • LoadEntity(namespace string, entity string) (*mfd.Entity, error)
  • UpdateEntity(entity *mfd.Entity) error
  • GenerateModelCode(entity mfd.Entity) (string, error)
  • GenerateSearchModelCode(entity mfd.Entity) (string, error)
- XMLLangService
  • LoadTranslation(language string) (*mfd.Translation, error)
  • TranslateEntity(namespace string, entity string, language string) (*mfd.TranslationEntity, error)
- XMLVTService
  • GenerateEntity(namespace string, entity string) (*mfd.VTEntity, error)
  • LoadEntity(namespace string, entity string) (*mfd.VTEntity, error)
  • UpdateEntity(namespace string, entity *mfd.VTEntity) error

diff --git a/api/api_zenrpc.go b/api/api_zenrpc.go
index 586c029..076ed80 100644
--- a/api/api_zenrpc.go
+++ b/api/api_zenrpc.go
@@ -1,4 +1,4 @@
-// Code generated by zenrpc v2.2.11; DO NOT EDIT.
+// Code generated by zenrpc v2.3.2; DO NOT EDIT.
 
 package api
 
@@ -98,6 +98,17 @@ func (ProjectService) SMD() smd.ServiceInfo {
 								"$ref": "#/definitions/mfd.CustomTypes",
 							},
 						},
+						{
+							Name:     "dict",
+							Optional: true,
+							Ref:      "#/definitions/mfd.Dictionary",
+							Type:     smd.Object,
+						},
+						{
+							Name: "tableMapping",
+							Ref:  "#/definitions/mfd.TableMapping",
+							Type: smd.Object,
+						},
 						{
 							Name: "namespaces",
 							Type: smd.Array,
@@ -124,6 +135,48 @@ func (ProjectService) SMD() smd.ServiceInfo {
 								},
 							},
 						},
+						"mfd.Dictionary": {
+							Type: "object",
+							Properties: smd.PropertyList{
+								{
+									Name: "Entries",
+									Type: smd.Array,
+									Items: map[string]string{
+										"$ref": "#/definitions/mfd.Entry",
+									},
+								},
+							},
+						},
+						"mfd.Entry": {
+							Type: "object",
+							Properties: smd.PropertyList{
+								{
+									Name: "XMLName",
+									Ref:  "#/definitions/xml.Name",
+									Type: smd.Object,
+								},
+								{
+									Name: "Value",
+									Type: smd.String,
+								},
+							},
+						},
+						"xml.Name": {
+							Type:       "object",
+							Properties: smd.PropertyList{},
+						},
+						"mfd.TableMapping": {
+							Type: "object",
+							Properties: smd.PropertyList{
+								{
+									Name: "Entries",
+									Type: smd.Array,
+									Items: map[string]string{
+										"$ref": "#/definitions/mfd.Entry",
+									},
+								},
+							},
+						},
 						"mfd.NSMapping": {
 							Type: "object",
 							Properties: smd.PropertyList{
@@ -171,6 +224,17 @@ func (ProjectService) SMD() smd.ServiceInfo {
 								"$ref": "#/definitions/mfd.CustomTypes",
 							},
 						},
+						{
+							Name:     "dict",
+							Optional: true,
+							Ref:      "#/definitions/mfd.Dictionary",
+							Type:     smd.Object,
+						},
+						{
+							Name: "tableMapping",
+							Ref:  "#/definitions/mfd.TableMapping",
+							Type: smd.Object,
+						},
 						{
 							Name: "namespaces",
 							Type: smd.Array,
@@ -197,6 +261,48 @@ func (ProjectService) SMD() smd.ServiceInfo {
 								},
 							},
 						},
+						"mfd.Dictionary": {
+							Type: "object",
+							Properties: smd.PropertyList{
+								{
+									Name: "Entries",
+									Type: smd.Array,
+									Items: map[string]string{
+										"$ref": "#/definitions/mfd.Entry",
+									},
+								},
+							},
+						},
+						"mfd.Entry": {
+							Type: "object",
+							Properties: smd.PropertyList{
+								{
+									Name: "XMLName",
+									Ref:  "#/definitions/xml.Name",
+									Type: smd.Object,
+								},
+								{
+									Name: "Value",
+									Type: smd.String,
+								},
+							},
+						},
+						"xml.Name": {
+							Type:       "object",
+							Properties: smd.PropertyList{},
+						},
+						"mfd.TableMapping": {
+							Type: "object",
+							Properties: smd.PropertyList{
+								{
+									Name: "Entries",
+									Type: smd.Array,
+									Items: map[string]string{
+										"$ref": "#/definitions/mfd.Entry",
+									},
+								},
+							},
+						},
 						"mfd.NSMapping": {
 							Type: "object",
 							Properties: smd.PropertyList{
@@ -244,6 +350,17 @@ func (ProjectService) SMD() smd.ServiceInfo {
 									"$ref": "#/definitions/mfd.CustomTypes",
 								},
 							},
+							{
+								Name:     "dict",
+								Optional: true,
+								Ref:      "#/definitions/mfd.Dictionary",
+								Type:     smd.Object,
+							},
+							{
+								Name: "tableMapping",
+								Ref:  "#/definitions/mfd.TableMapping",
+								Type: smd.Object,
+							},
 							{
 								Name: "namespaces",
 								Type: smd.Array,
@@ -270,6 +387,48 @@ func (ProjectService) SMD() smd.ServiceInfo {
 									},
 								},
 							},
+							"mfd.Dictionary": {
+								Type: "object",
+								Properties: smd.PropertyList{
+									{
+										Name: "Entries",
+										Type: smd.Array,
+										Items: map[string]string{
+											"$ref": "#/definitions/mfd.Entry",
+										},
+									},
+								},
+							},
+							"mfd.Entry": {
+								Type: "object",
+								Properties: smd.PropertyList{
+									{
+										Name: "XMLName",
+										Ref:  "#/definitions/xml.Name",
+										Type: smd.Object,
+									},
+									{
+										Name: "Value",
+										Type: smd.String,
+									},
+								},
+							},
+							"xml.Name": {
+								Type:       "object",
+								Properties: smd.PropertyList{},
+							},
+							"mfd.TableMapping": {
+								Type: "object",
+								Properties: smd.PropertyList{
+									{
+										Name: "Entries",
+										Type: smd.Array,
+										Items: map[string]string{
+											"$ref": "#/definitions/mfd.Entry",
+										},
+									},
+								},
+							},
 							"mfd.NSMapping": {
 								Type: "object",
 								Properties: smd.PropertyList{
@@ -596,6 +755,10 @@ func (XMLService) SMD() smd.ServiceInfo {
 									Name: "defaultVal",
 									Type: smd.String,
 								},
+								{
+									Name: "hasDefaultVal",
+									Type: smd.Boolean,
+								},
 							},
 						},
 						"mfd.Searches": {
@@ -731,6 +894,10 @@ func (XMLService) SMD() smd.ServiceInfo {
 									Name: "defaultVal",
 									Type: smd.String,
 								},
+								{
+									Name: "hasDefaultVal",
+									Type: smd.Boolean,
+								},
 							},
 						},
 						"mfd.Searches": {
@@ -856,6 +1023,10 @@ func (XMLService) SMD() smd.ServiceInfo {
 										Name: "defaultVal",
 										Type: smd.String,
 									},
+									{
+										Name: "hasDefaultVal",
+										Type: smd.Boolean,
+									},
 								},
 							},
 							"mfd.Searches": {
@@ -981,6 +1152,10 @@ func (XMLService) SMD() smd.ServiceInfo {
 										Name: "defaultVal",
 										Type: smd.String,
 									},
+									{
+										Name: "hasDefaultVal",
+										Type: smd.Boolean,
+									},
 								},
 							},
 							"mfd.Searches": {
@@ -1109,6 +1284,10 @@ func (XMLService) SMD() smd.ServiceInfo {
 										Name: "defaultVal",
 										Type: smd.String,
 									},
+									{
+										Name: "hasDefaultVal",
+										Type: smd.Boolean,
+									},
 								},
 							},
 							"mfd.Searches": {
